<?xml version="1.0" encoding="UTF-8"?>
<TestRun id="24f30b30-b855-4a98-8d25-8c1bb12f745d" name="stefa@DESKTOP-TTOEL6M 2023-05-10 23:26:26" runUser="DESKTOP-TTOEL6M\stefa" xmlns="http://microsoft.com/schemas/VisualStudio/TeamTest/2010">
  <TestSettings name="Local" id="51341ec6-2ffd-4723-956c-91f2c6c3caa5">
    <Description>These are default test settings for a local test run.</Description>
    <Deployment enabled="false" runDeploymentRoot="stefa_DESKTOP-TTOEL6M 2023-05-10 23_26_26">
      <DeploymentItem filename="D:\projects\CSharp\oop-exercises\solitare\bin\Debug\test.exe" />
    </Deployment>
    <Execution>
      <TestTypeSpecific />
      <AgentRule name="Execution Agents">
      </AgentRule>
    </Execution>
  </TestSettings>
  <Times creation="2023-05-10T23:26:26.9485343+03:00" queuing="2023-05-10T23:26:27.5974685+03:00" start="2023-05-10T23:26:27.6543005+03:00" finish="2023-05-10T23:26:28.0040846+03:00" />
  <ResultSummary outcome="Completed">
    <Counters total="1" executed="1" passed="1" error="0" failed="0" timeout="0" aborted="0" inconclusive="0" passedButRunAborted="0" notRunnable="0" notExecuted="0" disconnected="0" warning="0" completed="0" inProgress="0" pending="0" />
  </ResultSummary>
  <TestDefinitions>
    <UnitTest name="CheckFeasibleSameColor" storage="d:\projects\csharp\oop-exercises\solitare\testsolitare\bin\debug\testsolitare.dll" id="625f514c-902c-b16c-71a2-b449abb78b97">
      <Execution id="5fcd943e-cad4-4cbb-a99d-abd34da7cf6a" />
      <TestMethod codeBase="D:/projects/CSharp/oop-exercises/solitare/TestSolitare/bin/Debug/TestSolitare.DLL" adapterTypeName="Microsoft.VisualStudio.TestTools.TestTypes.Unit.UnitTestAdapter, Microsoft.VisualStudio.QualityTools.Tips.UnitTest.Adapter, Version=10.0.0.0, Culture=neutral, PublicKeyToken=b03f5f7f11d50a3a" className="TestSolitare.SolitareStackTest, TestSolitare, Version=1.0.0.0, Culture=neutral, PublicKeyToken=null" name="CheckFeasibleSameColor" />
    </UnitTest>
  </TestDefinitions>
  <TestLists>
    <TestList name="Results Not in a List" id="8c84fa94-04c1-424b-9868-57a2d4851a1d" />
    <TestList name="All Loaded Results" id="19431567-8539-422a-85d7-44ee4e166bda" />
  </TestLists>
  <TestEntries>
    <TestEntry testId="625f514c-902c-b16c-71a2-b449abb78b97" executionId="5fcd943e-cad4-4cbb-a99d-abd34da7cf6a" testListId="8c84fa94-04c1-424b-9868-57a2d4851a1d" />
  </TestEntries>
  <Results>
    <UnitTestResult executionId="5fcd943e-cad4-4cbb-a99d-abd34da7cf6a" testId="625f514c-902c-b16c-71a2-b449abb78b97" testName="CheckFeasibleSameColor" computerName="DESKTOP-TTOEL6M" duration="00:00:00.0155708" startTime="2023-05-10T23:26:27.6872802+03:00" endTime="2023-05-10T23:26:27.9561140+03:00" testType="13cdc9d9-ddb5-4fa4-a97d-d965ccfc6d4b" outcome="Passed" testListId="8c84fa94-04c1-424b-9868-57a2d4851a1d" relativeResultsDirectory="5fcd943e-cad4-4cbb-a99d-abd34da7cf6a">
    </UnitTestResult>
  </Results>
</TestRun>